## Log: variant-3-bold.html creation

### 2026-02-15 — Starting implementation
- Read index.html to extract all Russian text content
- Updated docs/plan.md with new task
- Beginning creation of variant-3-bold.html with Bold & Geometric Modern design

### 2026-02-15 — Implementation complete
- Created variant-3-bold.html with full Bold & Geometric Modern design
- Color palette: #FFFFFF bg, #4F46E5 electric indigo accent, #10B981 emerald, #F59E0B amber, #111827 text, #E5E7EB borders
- Dark mode: #0F172A deep navy, #1E293B cards, #F1F5F9 text, #6366F1 brighter accent
- Typography: Space Grotesk (headings), Inter (body), uppercase section eyebrows, tight letter-spacing
- Visual: 2px bold borders on all cards, 4px sharp radius (mixed with round badges), geometric CSS shapes (circles, squares, triangles, dots)
- Hero: asymmetric layout with text left, rotating geometric rings/squares on right, accent-colored name with underline, emerald badge
- Stats section: full indigo accent background with white text, large Space Grotesk numbers
- Cards: hover adds left accent border (4px), border-color transitions to accent, slight scale
- CTA buttons: fill animation from left to right on hover (::before pseudo-element)
- Method icons: rotate -5deg on hover
- FAQ chevrons: square accent-soft background, rotate to plus/x
- Form: gradient top bar (accent to emerald), uppercase bold labels
- Contact icons: solid accent background squares
- Decorative geo shapes with scroll-based rotation parallax
- Scroll reveal: alternating left/right slide-in animations
- Counter animation preserved
- All Russian text content verified to match original exactly
- All sections present: hero, audience, stats, about, steps, method, format, types, pricing, reviews, FAQ, form, contacts, footer
- Mobile responsive with hamburger menu, all breakpoints (1024, 768, 480)
- Dark mode toggle with separate localStorage key (theme-preference-v3)
- Background images use blue-tint hue-rotate(15deg) filter instead of desaturated
- Updated docs/plan.md: tasks marked complete
